// Jest Snapshot v1, https://goo.gl/fbAQLP

exports[`renders homepage unchanged 1`] = `
<div>
  <section
    class="container mx-auto px-6"
  >
    <div
      class="relative overflow-hidden py-24 lg:py-32"
    >
      <div
        aria-hidden="true"
        class="flex absolute -top-96 start-1/2 transform -translate-x-1/2"
      >
        <div
          class="bg-gradient-to-r from-background to-background blur-3xl w-[25rem] h-[44rem] rotate-[-60deg] transform -translate-x-[10rem]"
        />
        <div
          class="bg-gradient-to-tl blur-3xl w-[90rem] h-[50rem] rounded-full origin-top-left -rotate-12 -translate-x-[15rem] from-primary-foreground via-primary-foreground to-background"
        />
      </div>
      <div
        class="relative z-10"
      >
        <div
          class="container py-10 lg:py-16 mx-auto"
        >
          <div
            class="max-w-2xl text-center mx-auto"
          >
            <p
              class=""
            >
              Next Anime
            </p>
            <div
              class="mt-5 max-w-2xl"
            >
              <h1
                class="scroll-m-20 text-4xl font-extrabold tracking-tight lg:text-5xl"
              >
                Find, share, and track your favorite anime
              </h1>
            </div>
            <div
              class="mt-5 max-w-3xl"
            >
              <p
                class="text-xl text-muted-foreground"
              >
                Over 50k+ fully responsive, UI blocks you can drop into your Shadcn UI projects and customize to your heart's content.
              </p>
            </div>
            <div
              class="mt-8 gap-3 flex justify-center"
            >
              <button
                class="inline-flex items-center justify-center whitespace-nowrap text-sm font-medium ring-offset-background transition-colors focus-visible:outline-none focus-visible:ring-2 focus-visible:ring-ring focus-visible:ring-offset-2 disabled:pointer-events-none disabled:opacity-50 bg-primary text-primary-foreground hover:bg-primary/90 h-11 rounded-md px-8"
              >
                Register
              </button>
              <button
                class="inline-flex items-center justify-center whitespace-nowrap text-sm font-medium ring-offset-background transition-colors focus-visible:outline-none focus-visible:ring-2 focus-visible:ring-ring focus-visible:ring-offset-2 disabled:pointer-events-none disabled:opacity-50 border border-input bg-background hover:bg-accent hover:text-accent-foreground h-11 rounded-md px-8"
              >
                Login
              </button>
            </div>
          </div>
        </div>
      </div>
    </div>
  </section>
</div>
`;
